C51 COMPILER V9.54   DS18B02                                                               01/15/2023 16:37:26 PAGE 1   


C51 COMPILER V9.54, COMPILATION OF MODULE DS18B02
OBJECT MODULE PLACED IN .\Objects\DS18B02.obj
COMPILER INVOKED BY: D:\KeilC51\C51\BIN\C51.EXE DS18B02.c OPTIMIZE(8,SPEED) BROWSE DEBUG OBJECTEXTEND PRINT(.\Listings\D
                    -S18B02.lst) TABS(2) OBJECT(.\Objects\DS18B02.obj)

line level    source

   1          #include <REGX52.H>
   2          #include "Onewire.h"
   3          
   4          void DS18B20_ConvertT()
   5          {
   6   1        Onewire_Init();
   7   1        Onewire_SendByte(0xCC);
   8   1        Onewire_SendByte(0x44);
   9   1      }
  10          
  11          float DS18B20_ReadT()
  12          {
  13   1        unsigned char LSB,MSB;
  14   1        int Temp;
  15   1        float T;
  16   1        Onewire_Init();
  17   1        Onewire_SendByte(0xCC);
  18   1        Onewire_SendByte(0xBE);
  19   1        LSB = Onewire_ReceiveByte();
  20   1        MSB = Onewire_ReceiveByte();
  21   1        Temp = (MSB<<8)|LSB;
  22   1        T = Temp / 16.0;
  23   1        return T;
  24   1      }


MODULE INFORMATION:   STATIC OVERLAYABLE
   CODE SIZE        =     57    ----
   CONSTANT SIZE    =   ----    ----
   XDATA SIZE       =   ----    ----
   PDATA SIZE       =   ----    ----
   DATA SIZE        =   ----       1
   IDATA SIZE       =   ----    ----
   BIT SIZE         =   ----    ----
END OF MODULE INFORMATION.


C51 COMPILATION COMPLETE.  0 WARNING(S),  0 ERROR(S)
