C51 COMPILER V9.54   MAIN                                                                  12/29/2022 01:03:14 PAGE 1   


C51 COMPILER V9.54, COMPILATION OF MODULE MAIN
OBJECT MODULE PLACED IN .\Objects\main.obj
COMPILER INVOKED BY: D:\KeilC51\C51\BIN\C51.EXE main.c OPTIMIZE(8,SPEED) BROWSE DEBUG OBJECTEXTEND PRINT(.\Listings\main
                    -.lst) TABS(2) OBJECT(.\Objects\main.obj)

line level    source

   1          #include <REGX52.H>
   2          #include "LCD1602.h"
   3          #include "DS1302.h"
   4          #include "Delay.h"
   5          #include "Timer0_Init.h"
   6          #include "Key.h"
   7          unsigned char KeyNum, MODE, Timesel, FlashFlag; 
   8          
   9          void timeshow()
  10          {
  11   1          DS1302_ReadTime();
  12   1          LCD_ShowNum(1,1,DS1302_Time[0],2);
  13   1          LCD_ShowNum(1,4,DS1302_Time[1],2);
  14   1          LCD_ShowNum(1,7,DS1302_Time[2],2);
  15   1          LCD_ShowNum(2,1,DS1302_Time[3],2);
  16   1          LCD_ShowNum(2,4,DS1302_Time[4],2);
  17   1          LCD_ShowNum(2,7,DS1302_Time[5],2);
  18   1      }
  19          void timeset()
  20          {
  21   1        if(KeyNum == 2)
  22   1        {
  23   2          Timesel++;
  24   2          Timesel %= 6;
  25   2        }
  26   1        if(KeyNum == 3)
  27   1        {
  28   2          DS1302_Time[Timesel]++;
  29   2        }
  30   1        if(KeyNum == 4)
  31   1        {
  32   2          DS1302_Time[Timesel]--;
  33   2        }
  34   1        if(Timesel==0 && FlashFlag == 1){LCD_ShowString(1,1,"  ");}
  35   1        else{LCD_ShowNum(1,1,DS1302_Time[0],2);}
  36   1        if(Timesel==1 && FlashFlag == 1){LCD_ShowString(1,4,"  ");}
  37   1        else{LCD_ShowNum(1,4,DS1302_Time[1],2);}
  38   1        if(Timesel==2 && FlashFlag == 1){LCD_ShowString(1,7,"  ");}
  39   1        else{LCD_ShowNum(1,7,DS1302_Time[2],2);}
  40   1        if(Timesel==3 && FlashFlag == 1){LCD_ShowString(2,1,"  ");}
  41   1        else{LCD_ShowNum(2,1,DS1302_Time[3],2);}
  42   1        if(Timesel==4 && FlashFlag == 1){LCD_ShowString(2,4,"  ");}
  43   1        else{LCD_ShowNum(2,4,DS1302_Time[4],2);}
  44   1        if(Timesel==5 && FlashFlag == 1){LCD_ShowString(2,7,"  ");}
  45   1        else{LCD_ShowNum(2,7,DS1302_Time[5],2);}  
  46   1      }
  47          void main()
  48          {
  49   1        DS1302_Init();
  50   1        LCD_Init();
  51   1        Timer0_Init();
  52   1        LCD_ShowString(1,1,"  -  -  ");
  53   1        LCD_ShowString(2,1,"  :  :  ");
  54   1        DS1302_SetTime();
C51 COMPILER V9.54   MAIN                                                                  12/29/2022 01:03:14 PAGE 2   

  55   1        while(1)
  56   1        {
  57   2          KeyNum = Key();
  58   2          if(KeyNum == 1)
  59   2          {
  60   3              if(MODE == 0){MODE = 1;}
  61   3              else if(MODE == 1){MODE = 0;DS1302_SetTime();Timesel = 0;};
  62   3          }
  63   2          switch(MODE)
  64   2          {
  65   3            case 0:
  66   3      
  67   3              timeshow();
  68   3              break;
  69   3            case 1:
  70   3      
  71   3              timeset();
  72   3              break;
  73   3          }
  74   2        }
  75   1      }
  76          
  77          void Timer0() interrupt 1
  78          {
  79   1        static unsigned int T0count = 0;
  80   1        TL0 = 0x66;   
  81   1        TH0 = 0xFC; 
  82   1        T0count++;
  83   1        if(T0count >= 500)
  84   1        { 
  85   2          T0count = 0;
  86   2          FlashFlag = !FlashFlag;
  87   2        }
  88   1      } 


MODULE INFORMATION:   STATIC OVERLAYABLE
   CODE SIZE        =    515    ----
   CONSTANT SIZE    =     21    ----
   XDATA SIZE       =   ----    ----
   PDATA SIZE       =   ----    ----
   DATA SIZE        =      6    ----
   IDATA SIZE       =   ----    ----
   BIT SIZE         =   ----    ----
END OF MODULE INFORMATION.


C51 COMPILATION COMPLETE.  0 WARNING(S),  0 ERROR(S)
